test_live_storage_and_declarations (test_title_matrix_contract.TitleMatrix.test_live_storage_and_declarations) ... ok
test_native_boundaries (test_title_matrix_contract.TitleMatrix.test_native_boundaries) ... -O0 4096 title matrix storage/call cases passed
-O2 4096 title matrix storage/call cases passed
ok
test_negative_controls (test_title_matrix_contract.TitleMatrix.test_negative_controls) ... -O0 swap_axes rejected: line 79, scenario 1: src==axisPointer[stage]
-O0 swap_angles rejected: line 80, scenario 1: angle==angles[stage]
-O0 first_mode rejected: line 80, scenario 1: mode==(stage?2:0)
-O0 second_mode rejected: line 80, scenario 1: mode==(stage?2:0)
-O0 translate_mode rejected: line 85, scenario 1: mode==1
-O0 model_mode rejected: line 90, scenario 1: arg2==0
-O0 model_pointer rejected: line 90, scenario 1: arg0==modelPointer
-O0 translation_y rejected: line 86, scenario 1: translation->x==0&&translation->y==-90&&translation->z==0
-O0 translation_z rejected: line 86, scenario 1: translation->x==0&&translation->y==-90&&translation->z==0
-O0 wrong_matrix rejected: line 85, scenario 1: m==matrixPointer
-O0 old_rotate_order rejected: line 80, scenario 1: angle==angles[stage]
-O0 omitted_translate rejected: line 90, scenario 1: stage==3
-O0 wrong_copy rejected: line 79, scenario 1: !memcmp(src,&axisWant[stage],12)
-O0 incomplete_copy rejected: line 79, scenario 2: !memcmp(src,&axisWant[stage],12)
-O0 short_matrix rejected: line 150, scenario 1: guards[j][i]==(j&1?0x5a5a5a5a:0xa5a5a5a5)
-O2 swap_axes rejected: line 79, scenario 1: src==axisPointer[stage]
-O2 swap_angles rejected: line 80, scenario 1: angle==angles[stage]
-O2 first_mode rejected: line 80, scenario 1: mode==(stage?2:0)
-O2 second_mode rejected: line 80, scenario 1: mode==(stage?2:0)
-O2 translate_mode rejected: line 85, scenario 1: mode==1
-O2 model_mode rejected: line 90, scenario 1: arg2==0
-O2 model_pointer rejected: line 90, scenario 1: arg0==modelPointer
-O2 translation_y rejected: line 86, scenario 1: translation->x==0&&translation->y==-90&&translation->z==0
-O2 translation_z rejected: line 86, scenario 1: translation->x==0&&translation->y==-90&&translation->z==0
-O2 wrong_matrix rejected: line 85, scenario 1: m==matrixPointer
-O2 old_rotate_order rejected: line 80, scenario 1: angle==angles[stage]
-O2 omitted_translate rejected: line 90, scenario 1: stage==3
-O2 wrong_copy rejected: line 79, scenario 1: !memcmp(src,&axisWant[stage],12)
-O2 incomplete_copy rejected: line 79, scenario 2: !memcmp(src,&axisWant[stage],12)
-O2 short_matrix rejected: line 150, scenario 1: guards[j][i]==(j&1?0x5a5a5a5a:0xa5a5a5a5)
ok

----------------------------------------------------------------------
Ran 3 tests in 6.627s

OK
