test_call_transport (test_title_model_call_contract.TitleModelCalls.test_call_transport) ... -O0 unaltered expressions 583680 title model call cases passed
-O0 supplied 583680 title model call cases passed
-O2 unaltered expressions 583680 title model call cases passed
-O2 supplied 583680 title model call cases passed
ok
test_independent_controls (test_title_model_call_contract.TitleModelCalls.test_independent_controls) ... site_0_float0: rejected: line 69, scenario 1: !memcmp(actual,want,sizeof(actual))
site_0_float1: rejected: line 69, scenario 1: !memcmp(actual,want,sizeof(actual))
site_0_float2: rejected: line 69, scenario 1: !memcmp(actual,want,sizeof(actual))
site_0_float3: rejected: line 69, scenario 1: !memcmp(actual,want,sizeof(actual))
site_0_float4: rejected: line 69, scenario 1: !memcmp(actual,want,sizeof(actual))
site_0_float5: rejected: line 69, scenario 1: !memcmp(actual,want,sizeof(actual))
site_0_float6: rejected: line 69, scenario 1: !memcmp(actual,want,sizeof(actual))
site_0_colors: rejected: line 70, scenario 1: arg1==base
site_0_flags: rejected: line 70, scenario 1: arg3==(group==2||group==3?0x40:0x42)
site_0_pointer: rejected: line 71, scenario 1: arg4==models+row
site_0_model: rejected: line 69, scenario 1: arg0==want_model
site_0_roundtrip: rejected: line 69, scenario 104449: arg0==want_model
site_0_basealpha: rejected: line 70, scenario 1: arg1==base
site_0_highlightalpha: rejected: line 70, scenario 1: arg2==highlight
site_1_float0: rejected: line 69, scenario 116737: !memcmp(actual,want,sizeof(actual))
site_1_float1: rejected: line 69, scenario 116737: !memcmp(actual,want,sizeof(actual))
site_1_float2: rejected: line 69, scenario 116737: !memcmp(actual,want,sizeof(actual))
site_1_float3: rejected: line 69, scenario 116737: !memcmp(actual,want,sizeof(actual))
site_1_float4: rejected: line 69, scenario 116737: !memcmp(actual,want,sizeof(actual))
site_1_float5: rejected: line 69, scenario 116737: !memcmp(actual,want,sizeof(actual))
site_1_float6: rejected: line 69, scenario 116737: !memcmp(actual,want,sizeof(actual))
site_1_colors: rejected: line 70, scenario 116737: arg1==base
site_1_flags: rejected: line 70, scenario 116737: arg3==(group==2||group==3?0x40:0x42)
site_1_pointer: rejected: line 71, scenario 116737: arg4==models+row
site_1_model: rejected: line 69, scenario 116737: arg0==want_model
site_1_roundtrip: rejected: line 69, scenario 221185: arg0==want_model
site_1_basealpha: rejected: line 70, scenario 116737: arg1==base
site_1_highlightalpha: rejected: line 70, scenario 116737: arg2==highlight
site_2_float0: rejected: line 69, scenario 233473: !memcmp(actual,want,sizeof(actual))
site_2_float1: rejected: line 69, scenario 233473: !memcmp(actual,want,sizeof(actual))
site_2_float2: rejected: line 69, scenario 233473: !memcmp(actual,want,sizeof(actual))
site_2_float3: rejected: line 69, scenario 233473: !memcmp(actual,want,sizeof(actual))
site_2_float4: rejected: line 69, scenario 233473: !memcmp(actual,want,sizeof(actual))
site_2_float5: rejected: line 69, scenario 233473: !memcmp(actual,want,sizeof(actual))
site_2_float6: rejected: line 69, scenario 233473: !memcmp(actual,want,sizeof(actual))
site_2_colors: rejected: line 70, scenario 233473: arg1==base
site_2_flags: rejected: line 70, scenario 233473: arg3==(group==2||group==3?0x40:0x42)
site_2_pointer: rejected: line 71, scenario 233473: arg4==models+row
site_2_model: rejected: line 69, scenario 233473: arg0==want_model
site_2_roundtrip: rejected: line 69, scenario 337921: arg0==want_model
site_2_basealpha: rejected: line 70, scenario 233473: arg1==base
site_2_highlightalpha: rejected: line 70, scenario 233473: arg2==highlight
site_3_float0: rejected: line 69, scenario 350209: !memcmp(actual,want,sizeof(actual))
site_3_float1: rejected: line 69, scenario 350209: !memcmp(actual,want,sizeof(actual))
site_3_float2: rejected: line 69, scenario 350209: !memcmp(actual,want,sizeof(actual))
site_3_float3: rejected: line 69, scenario 350209: !memcmp(actual,want,sizeof(actual))
site_3_float4: rejected: line 69, scenario 350209: !memcmp(actual,want,sizeof(actual))
site_3_float5: rejected: line 69, scenario 350209: !memcmp(actual,want,sizeof(actual))
site_3_float6: rejected: line 69, scenario 350209: !memcmp(actual,want,sizeof(actual))
site_3_colors: rejected: line 70, scenario 350209: arg1==base
site_3_flags: rejected: line 70, scenario 350209: arg3==(group==2||group==3?0x40:0x42)
site_3_pointer: rejected: line 71, scenario 350209: arg4==models+row
site_3_model: rejected: line 69, scenario 350209: arg0==want_model
site_3_roundtrip: rejected: line 69, scenario 454657: arg0==want_model
site_3_basealpha: rejected: line 70, scenario 350209: arg1==base
site_3_highlightalpha: rejected: line 70, scenario 350209: arg2==highlight
site_4_float0: rejected: line 69, scenario 466945: !memcmp(actual,want,sizeof(actual))
site_4_float1: rejected: line 69, scenario 466945: !memcmp(actual,want,sizeof(actual))
site_4_float2: rejected: line 69, scenario 466945: !memcmp(actual,want,sizeof(actual))
site_4_float3: rejected: line 69, scenario 466945: !memcmp(actual,want,sizeof(actual))
site_4_float4: rejected: line 69, scenario 466945: !memcmp(actual,want,sizeof(actual))
site_4_float5: rejected: line 69, scenario 466945: !memcmp(actual,want,sizeof(actual))
site_4_float6: rejected: line 69, scenario 466945: !memcmp(actual,want,sizeof(actual))
site_4_colors: rejected: line 70, scenario 466945: arg1==base
site_4_flags: rejected: line 70, scenario 466945: arg3==(group==2||group==3?0x40:0x42)
site_4_pointer: rejected: line 71, scenario 466945: arg4==models+row
site_4_model: rejected: line 69, scenario 466945: arg0==want_model
site_4_roundtrip: rejected: line 69, scenario 571393: arg0==want_model
site_4_basealpha: rejected: line 70, scenario 466945: arg1==base
site_4_highlightalpha: rejected: line 70, scenario 466945: arg2==highlight
signed top-byte shift: sanitizer rejected
ok
test_live_source_and_signature (test_title_model_call_contract.TitleModelCalls.test_live_source_and_signature) ... ok
test_all_complete_snapshots_copies_and_selections (test_title_palette_storage.TitlePaletteStorage.test_all_complete_snapshots_copies_and_selections) ... -O0 123000 title palette storage cases passed
-O2 123000 title palette storage cases passed
ok
test_independent_negative_controls (test_title_palette_storage.TitlePaletteStorage.test_independent_negative_controls) ... helper_short: rejected: line 86, scenario 1: !memcmp(objects[group*3+1],expected,24)
helper_wrong_source_stride: rejected: line 86, scenario 1: !memcmp(objects[group*3+1],expected,24)
helper_wrong_destination_stride: rejected: line 86, scenario 1: !memcmp(objects[group*3+1],expected,24)
helper_second_word: rejected: line 86, scenario 1: !memcmp(objects[group*3+1],expected,24)
site_0_copy: rejected: line 92, scenario 1: !memcmp(objects[group*3+2],expected,24)
site_0_highlight: rejected: line 97, scenario 1: highlight==seen_highlight
site_0_base: rejected: line 97, scenario 1: base==expected_base
site_0_snapshot: rejected: line 81, scenario 1: !memcmp(objects[group*3],expected,24)
site_0_global: rejected: line 92, scenario 1026: !memcmp(objects[group*3+2],expected,24)
site_0_alias: rejected: line 92, scenario 1: !memcmp(objects[group*3+2],expected,24)
site_1_copy: rejected: line 92, scenario 24601: !memcmp(objects[group*3+2],expected,24)
site_1_highlight: rejected: line 97, scenario 24601: highlight==seen_highlight
site_1_base: rejected: line 97, scenario 24601: base==expected_base
site_1_snapshot: rejected: line 81, scenario 24601: !memcmp(objects[group*3],expected,24)
site_1_global: rejected: line 92, scenario 25626: !memcmp(objects[group*3+2],expected,24)
site_1_alias: rejected: line 92, scenario 24601: !memcmp(objects[group*3+2],expected,24)
site_2_copy: rejected: line 92, scenario 49201: !memcmp(objects[group*3+2],expected,24)
site_2_highlight: rejected: line 97, scenario 49201: highlight==seen_highlight
site_2_base: rejected: line 97, scenario 49201: base==expected_base
site_2_snapshot: rejected: line 81, scenario 49201: !memcmp(objects[group*3],expected,24)
site_2_global: rejected: line 92, scenario 50226: !memcmp(objects[group*3+2],expected,24)
site_2_alias: rejected: line 92, scenario 49201: !memcmp(objects[group*3+2],expected,24)
site_3_copy: rejected: line 92, scenario 73801: !memcmp(objects[group*3+2],expected,24)
site_3_highlight: rejected: line 97, scenario 73801: highlight==seen_highlight
site_3_base: rejected: line 97, scenario 73801: base==expected_base
site_3_snapshot: rejected: line 81, scenario 73801: !memcmp(objects[group*3],expected,24)
site_3_global: rejected: line 92, scenario 74826: !memcmp(objects[group*3+2],expected,24)
site_3_alias: rejected: line 92, scenario 73801: !memcmp(objects[group*3+2],expected,24)
site_4_copy: rejected: line 92, scenario 98401: !memcmp(objects[group*3+2],expected,24)
site_4_highlight: rejected: line 97, scenario 98401: highlight==seen_highlight
site_4_base: rejected: line 97, scenario 98401: base==expected_base
site_4_snapshot: rejected: line 81, scenario 98401: !memcmp(objects[group*3],expected,24)
site_4_global: rejected: line 92, scenario 99426: !memcmp(objects[group*3+2],expected,24)
site_4_alias: rejected: line 92, scenario 98401: !memcmp(objects[group*3+2],expected,24)
ok
test_live_extraction (test_title_palette_storage.TitlePaletteStorage.test_live_extraction) ... ok
test_all_actual_conversion_calls_and_sine_subgraph (test_title_sprite_alpha_contract.TitleSpriteAlphaContracts.test_all_actual_conversion_calls_and_sine_subgraph) ... -O0 conversion_calls=25370 subgraph_calls=32400 pair_cases=30841
-O2 conversion_calls=25370 subgraph_calls=32400 pair_cases=30841
ok
test_each_site_negative_controls (test_title_sprite_alpha_contract.TitleSpriteAlphaContracts.test_each_site_negative_controls) ... ok
test_independent_subgraph_controls (test_title_sprite_alpha_contract.TitleSpriteAlphaContracts.test_independent_subgraph_controls) ... ok
test_actual_tail_order_gate_arguments_and_uv_words (test_title_fade_contract.TitleFadeContracts.test_actual_tail_order_gate_arguments_and_uv_words) ... -O0 107904 title fade boundary cases passed
-O2 107904 title fade boundary cases passed
ok
test_independent_negative_controls (test_title_fade_contract.TitleFadeContracts.test_independent_negative_controls) ... source_byte_stride: rejected: line 77, scenario 18: memcmp(activeUv, expectedUv, sizeof(expectedUv)) == 0
destination_byte_stride: rejected: line 77, scenario 18: memcmp(activeUv, expectedUv, sizeof(expectedUv)) == 0
copy_short: rejected: line 77, scenario 18: memcmp(activeUv, expectedUv, sizeof(expectedUv)) == 0
pair_components_swapped: rejected: line 77, scenario 18: memcmp(activeUv, expectedUv, sizeof(expectedUv)) == 0
pair_order_swapped: rejected: line 77, scenario 18: memcmp(activeUv, expectedUv, sizeof(expectedUv)) == 0
copy_omitted: rejected: line 77, scenario 18: memcmp(activeUv, expectedUv, sizeof(expectedUv)) == 0
wrong_state_divisor: rejected: line 76, scenario 40483: *activeAlpha == expectedAlpha
wrong_other_divisor: rejected: line 76, scenario 19: *activeAlpha == expectedAlpha
wrong_rounding: rejected: line 76, scenario 19: *activeAlpha == expectedAlpha
float_bits_alpha: rejected: line 76, scenario 19: *activeAlpha == expectedAlpha
alpha_before_decrement: rejected: line 76, scenario 18: *activeAlpha == expectedAlpha
counter_not_stored: rejected: line 75, scenario 18: (s32)stateGuard.words[0x2C / 4] == initialCounter - 1
zero_gate: rejected: line 73, scenario 17: initialCounter > 0 && getterCalls == 0 && rendererCalls == 0
wrong_z: rejected: line 101, scenario 18: x == 0 && y == 0 && float_bits(z) == 0
wrong_width: rejected: line 102, scenario 18: width == 640 && height == 448 && rgb == 0xFFFFFF
wrong_height: rejected: line 102, scenario 18: width == 640 && height == 448 && rgb == 0xFFFFFF
wrong_color: rejected: line 102, scenario 18: width == 640 && height == 448 && rgb == 0xFFFFFF
wrong_mode: rejected: line 103, scenario 18: alpha == expectedAlpha && mode == 1 && centerX == 0 && centerY == 0
wrong_center: rejected: line 103, scenario 18: alpha == expectedAlpha && mode == 1 && centerX == 0 && centerY == 0
wrong_matrix: rejected: line 104, scenario 18: matrix == NULL && texture == textureWord && uv == activeUv
wrong_texture_identity: rejected: line 104, scenario 18: matrix == NULL && texture == textureWord && uv == activeUv
getter_bypassed: rejected: line 100, scenario 18: getterCalls == 1 && rendererCalls == 0
wrong_uv_identity: rejected: line 104, scenario 18: matrix == NULL && texture == textureWord && uv == activeUv
copy_late: rejected: line 77, scenario 18: memcmp(activeUv, expectedUv, sizeof(expectedUv)) == 0
alpha_late: rejected: line 76, scenario 18: *activeAlpha == expectedAlpha
decrement_late: rejected: line 75, scenario 18: (s32)stateGuard.words[0x2C / 4] == initialCounter - 1
ok
test_no_argument_getter_rejects_dummy_parameter (test_title_fade_contract.TitleFadeContracts.test_no_argument_getter_rejects_dummy_parameter) ... ok
test_final_gate_and_real_getter_are_extracted_verbatim (test_title_fade_contract.TitleFadeExtraction.test_final_gate_and_real_getter_are_extracted_verbatim) ... ok
test_negative_controls (test_title_gp_color_transport.TitleGpColorTransport.test_negative_controls) ... ok
test_six_actual_copy_chains_and_draw_providers (test_title_gp_color_transport.TitleGpColorTransport.test_six_actual_copy_chains_and_draw_providers) ... -O0 6234 GP color/provider cases passed
-O2 6234 GP color/provider cases passed
ok
test_actual_alpha_alias_blocks (test_title_alpha_aliases.TitleAlphaAliases.test_actual_alpha_alias_blocks) ... -O0 alpha_calls=16508 conversion_cases=2537
-O2 alpha_calls=16508 conversion_cases=2537
ok
test_negative_controls (test_title_alpha_aliases.TitleAlphaAliases.test_negative_controls) ... ok
test_live_rectangle_snapshots (test_title_rectangle_aliases.TitleRectangleAliases.test_live_rectangle_snapshots) ... -O0 65536 rectangle snapshot/provider cases passed
-O2 65536 rectangle snapshot/provider cases passed
ok
test_negative_controls (test_title_rectangle_aliases.TitleRectangleAliases.test_negative_controls) ... ok
test_all_actual_color_families (test_title_color_families.TitleColorFamilies.test_all_actual_color_families) ... -O0 49872 color-family cases passed
-O2 49872 color-family cases passed
ok
test_negative_controls (test_title_color_families.TitleColorFamilies.test_negative_controls) ... ok
test_all_actual_calls_and_layer_vertex_providers (test_title_layer_contract.TitleLayerContracts.test_all_actual_calls_and_layer_vertex_providers) ... -O0 122880 layer caller/provider cases passed
-O2 122880 layer caller/provider cases passed
ok
test_negative_controls (test_title_layer_contract.TitleLayerContracts.test_negative_controls) ... ok
test_actual_color_storage_and_copy_lifetimes (test_title_color_storage.TitleColorStorage.test_actual_color_storage_and_copy_lifetimes) ... -O0 title_color_cases=4128
-O2 title_color_cases=4128
ok
test_layer_declaration_matches_actual_provider (test_title_color_storage.TitleColorStorage.test_layer_declaration_matches_actual_provider) ... ok
test_rejects_wide_clear_wrong_byte_and_copy_regressions (test_title_color_storage.TitleColorStorage.test_rejects_wide_clear_wrong_byte_and_copy_regressions) ... ok
test_all_actual_calls_and_actual_packet_provider (test_title_overlay_contract.TitleOverlayContract.test_all_actual_calls_and_actual_packet_provider) ... -O0 title_overlay_cases=30720
-O2 title_overlay_cases=30720
ok
test_fixture_rejects_transport_regressions (test_title_overlay_contract.TitleOverlayContract.test_fixture_rejects_transport_regressions) ... ok
test_provider_and_adapter_declarations_agree (test_title_overlay_contract.TitleOverlayContract.test_provider_and_adapter_declarations_agree) ... ok

----------------------------------------------------------------------
Ran 29 tests in 126.089s

OK
test_incompatible_callback_types_are_rejected (test_title_entry_contract.TitleEntryContract.test_incompatible_callback_types_are_rejected) ... incompatible callback type: compile rejected
incompatible callback type: compile rejected
ok
test_independent_controls (test_title_entry_contract.TitleEntryContract.test_independent_controls) ... first_input: rejected: line 84, scenario 1: task==expectedTask
swapped_dispatch: rejected: line 84, scenario 1: task==expectedTask
wrong_task_store: rejected: line 100, scenario 1: node.callbackData==expectedTask
wrong_callback_slot: rejected: line 100, scenario 1: node.callback==func_001265a0
wrong_data_slot: rejected: line 100, scenario 1: node.callbackData==expectedTask
wrong_getter_offset: rejected: line 92, scenario 1: temp_20==expectedWork
wrong_work_view: rejected: line 92, scenario 1: temp_20==expectedWork
getter_bypassed: rejected: line 139, scenario 1: seen==1&&getters==1
registration_omitted: rejected: line 100, scenario 1: node.callback==func_001265a0
ok
test_live_parts (test_title_entry_contract.TitleEntryContract.test_live_parts) ... ok
test_two_input_registration_and_entry (test_title_entry_contract.TitleEntryContract.test_two_input_registration_and_entry) ... -O0 512 title entry cases passed
-O2 512 title entry cases passed
ok

----------------------------------------------------------------------
Ran 4 tests in 3.397s

OK
test_live_storage_and_declarations (test_title_matrix_contract.TitleMatrix.test_live_storage_and_declarations) ... ok
test_native_boundaries (test_title_matrix_contract.TitleMatrix.test_native_boundaries) ... -O0 4096 title matrix storage/call cases passed
-O2 4096 title matrix storage/call cases passed
ok
test_negative_controls (test_title_matrix_contract.TitleMatrix.test_negative_controls) ... -O0 swap_axes rejected: line 79, scenario 1: src==axisPointer[stage]
-O0 swap_angles rejected: line 80, scenario 1: angle==angles[stage]
-O0 first_mode rejected: line 80, scenario 1: mode==(stage?2:0)
-O0 second_mode rejected: line 80, scenario 1: mode==(stage?2:0)
-O0 translate_mode rejected: line 85, scenario 1: mode==1
-O0 model_mode rejected: line 90, scenario 1: arg2==0
-O0 model_pointer rejected: line 90, scenario 1: arg0==modelPointer
-O0 translation_y rejected: line 86, scenario 1: translation->x==0&&translation->y==-90&&translation->z==0
-O0 translation_z rejected: line 86, scenario 1: translation->x==0&&translation->y==-90&&translation->z==0
-O0 wrong_matrix rejected: line 85, scenario 1: m==matrixPointer
-O0 old_rotate_order rejected: line 80, scenario 1: angle==angles[stage]
-O0 omitted_translate rejected: line 90, scenario 1: stage==3
-O0 wrong_copy rejected: line 79, scenario 1: !memcmp(src,&axisWant[stage],12)
-O0 incomplete_copy rejected: line 79, scenario 2: !memcmp(src,&axisWant[stage],12)
-O0 short_matrix rejected: line 150, scenario 1: guards[j][i]==(j&1?0x5a5a5a5a:0xa5a5a5a5)
-O2 swap_axes rejected: line 79, scenario 1: src==axisPointer[stage]
-O2 swap_angles rejected: line 80, scenario 1: angle==angles[stage]
-O2 first_mode rejected: line 80, scenario 1: mode==(stage?2:0)
-O2 second_mode rejected: line 80, scenario 1: mode==(stage?2:0)
-O2 translate_mode rejected: line 85, scenario 1: mode==1
-O2 model_mode rejected: line 90, scenario 1: arg2==0
-O2 model_pointer rejected: line 90, scenario 1: arg0==modelPointer
-O2 translation_y rejected: line 86, scenario 1: translation->x==0&&translation->y==-90&&translation->z==0
-O2 translation_z rejected: line 86, scenario 1: translation->x==0&&translation->y==-90&&translation->z==0
-O2 wrong_matrix rejected: line 85, scenario 1: m==matrixPointer
-O2 old_rotate_order rejected: line 80, scenario 1: angle==angles[stage]
-O2 omitted_translate rejected: line 90, scenario 1: stage==3
-O2 wrong_copy rejected: line 79, scenario 1: !memcmp(src,&axisWant[stage],12)
-O2 incomplete_copy rejected: line 79, scenario 2: !memcmp(src,&axisWant[stage],12)
-O2 short_matrix rejected: line 150, scenario 1: guards[j][i]==(j&1?0x5a5a5a5a:0xa5a5a5a5)
ok

----------------------------------------------------------------------
Ran 3 tests in 6.567s

OK
